[officesuitetools.online/index.html]
[backblue.gif]
[fade.gif]
[index.html]
[officesuitetools.online/assets/img/apple-icon.png]
[officesuitetools.online/assets/img/favicon.ico]
[officesuitetools.online/assets/css/templatemo.css]
[officesuitetools.online/assets/css/bootstrap.min.css]
[officesuitetools.online/assets/css/fontawesome.min.css]
[officesuitetools.online/index-2.html]
[officesuitetools.online/about.html]
[officesuitetools.online/disclaimer.html]
[officesuitetools.online/contact.html]
[m.media-amazon.com/images/I/7130oI2I7zL.__AC_SY445_SX342_QL70_FMwebp_.jpg]
[m.media-amazon.com/images/I/71SokR+FacL._AC_SX679_.jpg]
[m.media-amazon.com/images/I/81uSP-vI1eL.__AC_SY445_SX342_QL70_FMwebp_.jpg]
[officesuitetools.online/personal.html]
[officesuitetools.online/business.html]
[m.media-amazon.com/images/I/81uSP-vI1eL._AC_SX679_.jpg]
[officesuitetools.online/family.html]
[m.media-amazon.com/images/I/71SokR+FacL._AC_SX342_SY445_.jpg]
[officesuitetools.online/ohs.html]
[officesuitetools.online/ohb.html]
[officesuitetools.online/privacy.html]
[officesuitetools.online/assets/js/jquery-migrate-1.2.1.min.js]
[officesuitetools.online/assets/js/jquery-1.11.0.min.js]
[officesuitetools.online/assets/js/bootstrap.bundle.min.js]
[officesuitetools.online/assets/js/templatemo.js]
[officesuitetools.online/index.html]
[officesuitetools.online/assets/css/bootstrap.min.css]
[officesuitetools.online/assets/css/templatemo.css]
[officesuitetools.online/assets/css/custom.css]
[officesuitetools.online/assets/webfonts/fa-brands-400.eot]
[officesuitetools.online/assets/webfonts/fa-brands-400d41d.eot]
[officesuitetools.online/assets/webfonts/fa-brands-400.woff2]
[officesuitetools.online/assets/webfonts/fa-brands-400.woff]
[officesuitetools.online/assets/webfonts/fa-brands-400.ttf]
[officesuitetools.online/assets/webfonts/fa-regular-400.eot]
[officesuitetools.online/assets/webfonts/fa-regular-400d41d.eot]
[officesuitetools.online/assets/webfonts/fa-regular-400.woff2]
[officesuitetools.online/assets/webfonts/fa-regular-400.woff]
[officesuitetools.online/assets/webfonts/fa-brands-400.svg]
[officesuitetools.online/assets/webfonts/fa-regular-400.ttf]
[officesuitetools.online/assets/webfonts/fa-regular-400.svg]
[officesuitetools.online/assets/webfonts/fa-solid-900.eot]
[officesuitetools.online/assets/webfonts/fa-solid-900d41d.eot]
[officesuitetools.online/assets/webfonts/fa-solid-900.woff2]
[officesuitetools.online/assets/webfonts/fa-solid-900.woff]
[officesuitetools.online/assets/webfonts/fa-solid-900.ttf]
[officesuitetools.online/assets/css/fontawesome.min.css]
[officesuitetools.online/index-2.html]
[www.emailtooltester.com/wp-content/uploads/2019/04/microsoft-365-review.png]
[officesuitetools.online/about.html]
[officesuitetools.online/disclaimer.html]
[officesuitetools.online/contact.html]
[unpkg.com/leaflet@1.7.1/dist/leaflet.css]
[officesuitetools.online/assets/webfonts/fa-solid-900.svg]
[i.pcmag.com/imagery/reviews/03dMlmUINQZI4wd0gdGznsI-14.fit_lim.size_960x.png]
[m.media-amazon.com/images/I/71RLGtwxWOL._AC_SX679_.jpg]
[m.media-amazon.com/images/I/41FUHOBtsUL._AC_.jpg]
[m.media-amazon.com/images/I/71+jV+DUzWL._AC_SX679_.jpg]
[i.pcmag.com/imagery/reviews/03dMlmUINQZI4wd0gdGznsI-17.fit_lim.size_960x.png]
[officesuitetools.online/personal.html]
[i.pcmag.com/imagery/reviews/05yXFptCYfjGH5OUUMJIRFZ-22.fit_lim.size_960x.png]
[m.media-amazon.com/images/I/61hniUgHF7L._AC_SX679_.jpg]
[i.pcmag.com/imagery/reviews/05yXFptCYfjGH5OUUMJIRFZ-21.fit_lim.size_960x.png]
[i.pcmag.com/imagery/reviews/05yXFptCYfjGH5OUUMJIRFZ-27.fit_lim.size_960x.png]
[officesuitetools.online/business.html]
[cdn.windowsreport.com/wp-content/uploads/2020/06/Microsoft-365-Family-subscription-930x620.jpg]
[m.media-amazon.com/images/I/71bO2Le54KL._AC_SX679_.jpg]
[bilder.pcwelt.de/4218138_original08dd.jpg]
[officesuitetools.online/family.html]
[m.media-amazon.com/images/I/610LdTvXyFL._AC_SX679_.jpg]
[m.media-amazon.com/images/I/613tO4TqvNL._AC_SX679_.jpg]
[officesuitetools.online/ohs.html]
[m.media-amazon.com/images/I/61hSSVPvT3L._AC_SX679_.jpg]
[m.media-amazon.com/images/S/aplus-media/vc/18a90ea4-8c15-40ed-9e84-978a3f6c861e.__CR0,0,1860,761_PT0_SX970_V1___.jpg]
[m.media-amazon.com/images/S/aplus-media/vc/121897cd-283f-4347-9e9a-2b34510454f1.__CR0,0,1860,952_PT0_SX970_V1___.jpg]
[m.media-amazon.com/images/S/aplus-media-library-service-media/6be777bc-49a5-4f9c-9edd-750a37571537.__CR0,0,1464,625_PT0_SX1464_V1___.jpg]
[officesuitetools.online/ohb.html]
[officesuitetools.online/privacy.html]
[officesuitetools.online/assets/js/custom.js]
[officesuitetools.online/assets/webfonts/fa-brands-400.svg]
[officesuitetools.online/assets/webfonts/fa-regular-400.svg]
[officesuitetools.online/assets/webfonts/fa-solid-900.svg]
[unpkg.com/leaflet@1.7.1/dist/images/layers.png]
[unpkg.com/leaflet@1.7.1/dist/images/layers-2x.png]
[unpkg.com/leaflet@1.7.1/dist/images/marker-icon.png]
[unpkg.com/leaflet@1.7.1/dist/leaflet.css]
